=== Парная калибровка (issue #72, этап 7) ===
Группа: simple — new-smart (A) vs simple (B)
Пар на строку: 5 (партий вдвое больше) | seed: 720072 | строк: 3
Решатель: maxNodes=500, maxMs=9007199254740991
Версия new: 15ab0c937e9b72edc98ef723a44e8289c448056b
Профили: действующие значения по умолчанию, без overrides; флаг #70 не включается.

2×36   all           партий    10/   10 | дурак A  40.00 % ± 19.60 | ничьи 0 | ошибок 0 | зависаний 0 | раздача разошлась 0 | сред. 34 мс
       задержки: решений 484, сред. 0.474 мс, макс. 26.455 мс | решатель: вызовов 74, таймаутов бюджета 12 (16.22 %), узлов 10236 — отдельно от исходов, это не SLA клиента #71
3×36   all           партий    10/   10 | дурак A  44.44 % ± 25.95 | ничьи 1 | ошибок 0 | зависаний 0 | раздача разошлась 0 | сред. 17.4 мс
       задержки: решений 793, сред. 0.066 мс, макс. 8.131 мс | решатель: вызовов 55, таймаутов бюджета 3 (5.45 %), узлов 3493 — отдельно от исходов, это не SLA клиента #71
4×36   all           партий    10/   10 | дурак A  37.50 % ± 30.24 | ничьи 2 | ошибок 0 | зависаний 0 | раздача разошлась 0 | сред. 28.9 мс
       задержки: решений 1167, сред. 0.081 мс, макс. 10.637 мс | решатель: вызовов 40, таймаутов бюджета 16 (40.00 %), узлов 9771 — отдельно от исходов, это не SLA клиента #71

--- Таблица для PR (Markdown) ---
| конфигурация | throwIn | пар | запланировано | завершено | результативных | дурак A | 95 % ДИ (по парам) | ничьи | ошибки | зависания | разошлась раздача |
|---|---|---|---|---|---|---|---|---|---|---|---|
| 2×36 | all | 5 | 10 | 10 | 10 | 40.00 % | ± 19.60 | 0 | 0 | 0 | 0 |
| 3×36 | all | 5 | 10 | 10 | 9 | 44.44 % | ± 25.95 | 1 | 0 | 0 | 0 |
| 4×36 | all | 5 | 10 | 10 | 8 | 37.50 % | ± 30.24 | 2 | 0 | 0 | 0 |

Задержки решений и бюджет решателя (отдельно от исходов; не SLA клиента #71):

| конфигурация | решений | сред. мс/решение | макс. мс/решение | вызовов решателя | таймаутов решателя | % таймаутов | узлов решателя | таймаутов A | таймаутов B |
|---|---|---|---|---|---|---|---|---|---|
| 2×36 all | 484 | 0.474 | 26.455 | 74 | 12 | 16.22 % | 10236 | 12 | 0 |
| 3×36 all | 793 | 0.066 | 8.131 | 55 | 3 | 5.45 % | 3493 | 3 | 0 |
| 4×36 all | 1167 | 0.081 | 10.637 | 40 | 16 | 40.00 % | 9771 | 16 | 0 |

Задержки (отдельно от исходов): решений 2444, сред. 0.154 мс, макс. 26.455 мс | решатель: вызовов 169, использовано 85, таймаутов бюджета 31 (18.34 %), непригодных 0, узлов 23500. Это не SLA клиента #71.
Итого: запланировано 30, завершено 30, незавершённых 0, ничьих 3, ошибок 0, зависаний 0, разошедшихся раздач 0.
ТЕХНИЧЕСКАЯ ПРИЁМКА: пройдена (0 ошибок, 0 нелегальных/зависших, 0 незавершённых). Сила НЕ заявляется.
JSON прогона сохранён: bench/issue72-stage7-simple.json (таблица: bench/issue72-stage7-simple.json.md)
