=== Парная калибровка (issue #72, этап 7) ===
Группа: self — new-smart (A) vs new-smart (B) — контроль атрибуции
Пар на строку: 5 (партий вдвое больше) | seed: 720072 | строк: 3
Решатель: maxNodes=500, maxMs=9007199254740991
Версия new: 15ab0c937e9b72edc98ef723a44e8289c448056b
Профили: действующие значения по умолчанию, без overrides; флаг #70 не включается.

2×36   all           партий    10/   10 | дурак A  50.00 % ± 0.00 (не точный) | ничьи 0 | ошибок 0 | зависаний 0 | раздача разошлась 0 | сред. 57.2 мс
       задержки: решений 534, сред. 0.811 мс, макс. 17.44 мс | решатель: вызовов 160, таймаутов бюджета 30 (18.75 %), узлов 25094 — отдельно от исходов, это не SLA клиента #71
3×36   all           партий    10/   10 | дурак A  50.00 % ± 0.00 (не точный) | ничьи 0 | ошибок 0 | зависаний 0 | раздача разошлась 0 | сред. 39.9 мс
       задержки: решений 960, сред. 0.253 мс, макс. 4.886 мс | решатель: вызовов 174, таймаутов бюджета 48 (27.59 %), узлов 38486 — отдельно от исходов, это не SLA клиента #71
4×36   all           партий    10/   10 | дурак A  50.00 % ± 0.00 (не точный) | ничьи 2 | ошибок 0 | зависаний 0 | раздача разошлась 0 | сред. 72.2 мс
       задержки: решений 1748, сред. 0.197 мс, макс. 16.001 мс | решатель: вызовов 160, таймаутов бюджета 46 (28.75 %), узлов 32466 — отдельно от исходов, это не SLA клиента #71

--- Таблица для PR (Markdown) ---
| конфигурация | throwIn | пар | запланировано | завершено | результативных | дурак A | 95 % ДИ (по парам) | ничьи | ошибки | зависания | разошлась раздача |
|---|---|---|---|---|---|---|---|---|---|---|---|
| 2×36 | all | 5 | 10 | 10 | 10 | 50.00 % | ± 0.00 (не точный) | 0 | 0 | 0 | 0 |
| 3×36 | all | 5 | 10 | 10 | 10 | 50.00 % | ± 0.00 (не точный) | 0 | 0 | 0 | 0 |
| 4×36 | all | 5 | 10 | 10 | 8 | 50.00 % | ± 0.00 (не точный) | 2 | 0 | 0 | 0 |

Задержки решений и бюджет решателя (отдельно от исходов; не SLA клиента #71):

| конфигурация | решений | сред. мс/решение | макс. мс/решение | вызовов решателя | таймаутов решателя | % таймаутов | узлов решателя | таймаутов A | таймаутов B |
|---|---|---|---|---|---|---|---|---|---|
| 2×36 all | 534 | 0.811 | 17.44 | 160 | 30 | 18.75 % | 25094 | 15 | 15 |
| 3×36 all | 960 | 0.253 | 4.886 | 174 | 48 | 27.59 % | 38486 | 24 | 24 |
| 4×36 all | 1748 | 0.197 | 16.001 | 160 | 46 | 28.75 % | 32466 | 23 | 23 |

Задержки (отдельно от исходов): решений 3242, сред. 0.314 мс, макс. 17.44 мс | решатель: вызовов 494, использовано 214, таймаутов бюджета 124 (25.10 %), непригодных 0, узлов 96046. Это не SLA клиента #71.
Итого: запланировано 30, завершено 30, незавершённых 0, ничьих 2, ошибок 0, зависаний 0, разошедшихся раздач 0.
ТЕХНИЧЕСКАЯ ПРИЁМКА: пройдена (0 ошибок, 0 нелегальных/зависших, 0 незавершённых). Сила НЕ заявляется.
JSON прогона сохранён: bench/issue72-stage7-self.json (таблица: bench/issue72-stage7-self.json.md)
